#
# A fatal error has been detected by the Java Runtime Environment:
#
#  EXCEPTION_ACCESS_VIOLATION (0xc0000005) at pc=0x00007ffc51774064, pid=17420, tid=3776
#
# JRE version: OpenJDK Runtime Environment Temurin-21.0.6+7 (21.0.6+7) (build 21.0.6+7-LTS)
# Java VM: OpenJDK 64-Bit Server VM Temurin-21.0.6+7 (21.0.6+7-LTS, mixed mode, sharing, tiered, compressed oops, compressed class ptrs, parallel gc, windows-amd64)
# Problematic frame:
# V  [jvm.dll+0x814064]
#
# No core dump will be written. Minidumps are not enabled by default on client versions of Windows
#
# If you would like to submit a bug report, please visit:
#   https://github.com/adoptium/adoptium-support/issues
#

---------------  S U M M A R Y ------------

Command Line: --add-modules=ALL-SYSTEM --add-opens=java.base/java.util=ALL-UNNAMED --add-opens=java.base/java.lang=ALL-UNNAMED --add-opens=java.base/sun.nio.fs=ALL-UNNAMED -Declipse.application=org.eclipse.jdt.ls.core.id1 -Dosgi.bundles.defaultStartLevel=4 -Declipse.product=org.eclipse.jdt.ls.core.product -Djava.import.generatesMetadataFilesAtProjectRoot=false -DDetectVMInstallationsJob.disabled=true -Dfile.encoding=utf8 -XX:+UseParallelGC -XX:GCTimeRatio=4 -XX:AdaptiveSizePolicyWeight=90 -Dsun.zip.disableMemoryMapping=true -Xmx1G -Xms100m -Xlog:disable -javaagent:c:\Users\PC3\.vscode\extensions\redhat.java-1.41.1-win32-x64\lombok\lombok-1.18.36.jar -XX:+HeapDumpOnOutOfMemoryError -XX:HeapDumpPath=c:\Users\PC3\AppData\Roaming\Code\User\workspaceStorage\60345ec605178fa4a676e00d04cdeefa\redhat.java -Daether.dependencyCollector.impl=bf c:\Users\PC3\.vscode\extensions\redhat.java-1.41.1-win32-x64\server\plugins\org.eclipse.equinox.launcher_1.7.0.v20250331-1702.jar -configuration c:\Users\PC3\AppData\Roaming\Code\User\globalStorage\redhat.java\1.41.1\config_win -data c:\Users\PC3\AppData\Roaming\Code\User\workspaceStorage\60345ec605178fa4a676e00d04cdeefa\redhat.java\jdt_ws --pipe=\\.\pipe\lsp-e7efdefb764a781d60233b0fbd8bd75b-sock

Host: Intel(R) Core(TM) i5-10400F CPU @ 2.90GHz, 12 cores, 15G,  Windows 10 , 64 bit Build 19041 (10.0.19041.5678)
Time: Mon May 12 19:40:07 2025 India Standard Time elapsed time: 870.340883 seconds (0d 0h 14m 30s)

---------------  T H R E A D  ---------------

Current thread (0x00000285e58c4eb0):  JavaThread "Service Thread" daemon [_thread_in_vm, id=3776, stack(0x000000c34dd00000,0x000000c34de00000) (1024K)]

Stack: [0x000000c34dd00000,0x000000c34de00000],  sp=0x000000c34ddff1f0,  free space=1020k
Native frames: (J=compiled Java code, j=interpreted, Vv=VM code, C=native code)
V  [jvm.dll+0x814064]
V  [jvm.dll+0x8154dc]
V  [jvm.dll+0x815eb3]
V  [jvm.dll+0x733009]
V  [jvm.dll+0x3f0256]
V  [jvm.dll+0x851f8b]
V  [jvm.dll+0x6cc5ed]
C  [ucrtbase.dll+0x21bb2]
C  [KERNEL32.DLL+0x17374]
C  [ntdll.dll+0x4cc91]


siginfo: EXCEPTION_ACCESS_VIOLATION (0xc0000005), reading address 0x000000b13c00b342


Registers:
RAX=0x000000000000af88, RBX=0x0000000000000000, RCX=0x000000b13c00b33a, RDX=0x00000285e58c4eb0
RSP=0x000000c34ddff1f0, RBP=0x000000c34ddffb88, RSI=0x000000c34ddffb90, RDI=0x00000285d14f0290
R8 =0x0000000000000714, R9 =0x0000000000000720, R10=0x0000000000008000, R11=0x000000c34ddff150
R12=0x00000285e58c4eb0, R13=0x0000000000000000, R14=0x00007ffc51c0c500, R15=0x00000285d14fb2f0
RIP=0x00007ffc51774064, EFLAGS=0x0000000000010206

XMM[0]=0x0000000000000000 0x40e0000000000000
XMM[1]=0x0000000000000000 0x0000000000000000
XMM[2]=0x0000000000000000 0x0000000000000000
XMM[3]=0x0000000000000000 0x0000000000000000
XMM[4]=0x0000000000000000 0x0000000000000000
XMM[5]=0x0000000000000000 0x0000000000000000
XMM[6]=0x0000000000000000 0x401887d000000000
XMM[7]=0x0000000000000000 0x0000000000000000
XMM[8]=0x0000000000000000 0x0000000000000000
XMM[9]=0x0000000000000000 0x0000000000000000
XMM[10]=0x0000000000000000 0x0000000000000000
XMM[11]=0x0000000000000000 0x0000000000000000
XMM[12]=0x0000000000000000 0x0000000000000000
XMM[13]=0x0000000000000000 0x0000000000000000
XMM[14]=0x0000000000000000 0x0000000000000000
XMM[15]=0x0000000000000000 0x0000000000000000
  MXCSR=0x00001fa0


Register to memory mapping:

RAX=0x000000000000af88 is an unknown value
RBX=0x0 is null
RCX=0x000000b13c00b33a is an unknown value
RDX=0x00000285e58c4eb0 is a thread
RSP=0x000000c34ddff1f0 is pointing into the stack for thread: 0x00000285e58c4eb0
RBP=0x000000c34ddffb88 is pointing into the stack for thread: 0x00000285e58c4eb0
RSI=0x000000c34ddffb90 is pointing into the stack for thread: 0x00000285e58c4eb0
RDI=0x00000285d14f0290 points into unknown readable memory: 0x00000285d14f7a30 | 30 7a 4f d1 85 02 00 00
R8 =0x0000000000000714 is an unknown value
R9 =0x0000000000000720 is an unknown value
R10=0x0000000000008000 is an unknown value
R11=0x000000c34ddff150 is pointing into the stack for thread: 0x00000285e58c4eb0
R12=0x00000285e58c4eb0 is a thread
R13=0x0 is null
R14=0x00007ffc51c0c500 jvm.dll
R15=0x00000285d14fb2f0 points into unknown readable memory: 0x00000285f0b43220 | 20 32 b4 f0 85 02 00 00

Top of Stack: (sp=0x000000c34ddff1f0)
0x000000c34ddff1f0:   0000000000000001 000000c300000000
0x000000c34ddff200:   0000000000000000 0000000000001010
0x000000c34ddff210:   0000000000000000 0000000000000000
0x000000c34ddff220:   000000c34ddffb90 0000000000000001
0x000000c34ddff230:   000000c34ddffb88 00000285d14f0290
0x000000c34ddff240:   00000285d14f4d60 00000285e58c4eb0
0x000000c34ddff250:   0000000000000718 0000000000000720
0x000000c34ddff260:   0000000000000000 0000000000000000
0x000000c34ddff270:   00000285f0b53790 00007ffcce3220e2
0x000000c34ddff280:   0000000000000000 0000000002000002
0x000000c34ddff290:   0000000000000000 0000000000000000
0x000000c34ddff2a0:   0000000000000000 0000000000000000
0x000000c34ddff2b0:   0000000000800001 0000000000000000
0x000000c34ddff2c0:   0000000000001010 0000000000001000
0x000000c34ddff2d0:   0000000000000001 00000285cf1d0000
0x000000c34ddff2e0:   0000000000000101 00007ffcd085b44d
0x000000c34ddff2f0:   00000285cf1d0000 0000000000800003
0x000000c34ddff300:   0000000000001000 0000000000000000
0x000000c34ddff310:   0000000000000000 000000c34ddff324
0x000000c34ddff320:   0000000000000000 00007ffcd085df6f
0x000000c34ddff330:   0000000000000000 0000000000000000
0x000000c34ddff340:   00000285cf360000 00000285cf367338
0x000000c34ddff350:   0000000000000000 0000000000000000
0x000000c34ddff360:   0000000000000000 000000000000009b
0x000000c34ddff370:   0000000000000000 00000285cf367340
0x000000c34ddff380:   0000000000000000 0000000000000001
0x000000c34ddff390:   00000285cf367330 0000000000000049
0x000000c34ddff3a0:   0000000000000000 0000000000000000
0x000000c34ddff3b0:   00000285cf360150 000000007ffe0384
0x000000c34ddff3c0:   000000000000001b 00000000000003ff
0x000000c34ddff3d0:   00000285cf367330 00007ffcce321da0
0x000000c34ddff3e0:   000000000000009b 00007ffcd0881910 

Instructions: (pc=0x00007ffc51774064)
0x00007ffc51773f64:   0f c1 05 15 74 4a 00 ff c0 48 8d 0d 0c 70 4a 00
0x00007ffc51773f74:   83 e0 7f 48 87 1c c1 48 85 db 74 0d 48 8b cb 48
0x00007ffc51773f84:   83 c4 20 5b e9 c3 f0 ff ff 48 83 c4 20 5b c3 cc
0x00007ffc51773f94:   cc cc cc cc cc cc cc cc cc cc cc cc 40 53 55 56
0x00007ffc51773fa4:   57 41 54 41 57 48 81 ec 98 08 00 00 48 8b 05 b1
0x00007ffc51773fb4:   12 44 00 48 33 c4 48 89 84 24 80 08 00 00 48 8b
0x00007ffc51773fc4:   79 10 4d 8b f8 48 8b 9a a8 01 00 00 4c 8b e2 48
0x00007ffc51773fd4:   8b ac 24 f0 08 00 00 48 8b c3 48 8b b4 24 f8 08
0x00007ffc51773fe4:   00 00 4c 89 4c 24 68 4c 89 44 24 60 48 89 54 24
0x00007ffc51773ff4:   58 48 89 4c 24 50 48 89 6c 24 40 48 89 74 24 30
0x00007ffc51774004:   48 89 7c 24 48 f6 c3 01 75 0b 48 8b 05 fb 17 48
0x00007ffc51774014:   00 48 83 c8 01 4c 89 ac 24 d8 08 00 00 4c 89 b4
0x00007ffc51774024:   24 90 08 00 00 48 89 82 a8 01 00 00 e8 bb a5 ea
0x00007ffc51774034:   ff 90 4c 3b 7c 24 68 0f 83 96 03 00 00 48 8b 07
0x00007ffc51774044:   4a 8b 0c f8 4e 8d 3c f8 48 83 e1 fc 0f 84 69 03
0x00007ffc51774054:   00 00 66 66 0f 1f 84 00 00 00 00 00 48 ff 45 00
0x00007ffc51774064:   8b 41 08 0f b7 c0 85 c0 74 0d 48 8b 09 48 85 c9
0x00007ffc51774074:   75 ea e9 44 03 00 00 49 89 9c 24 a8 01 00 00 33
0x00007ffc51774084:   db 49 8b 07 a8 01 75 15 49 8b 07 48 83 e0 fc 48
0x00007ffc51774094:   8b c8 48 83 c9 01 f0 49 0f b1 0f 74 18 ff c3 81
0x00007ffc517740a4:   fb 00 20 00 00 75 07 e8 20 5a eb ff eb d1 e8 09
0x00007ffc517740b4:   b3 7f ff eb cc 49 8b 3f 33 c9 33 d2 89 4c 24 20
0x00007ffc517740c4:   33 db 48 89 54 24 28 48 89 5c 24 38 4d 8b ef 48
0x00007ffc517740d4:   83 e7 fc 0f 84 5f 01 00 00 be 01 00 00 00 0f 1f
0x00007ffc517740e4:   40 00 66 66 0f 1f 84 00 00 00 00 00 48 ff 45 00
0x00007ffc517740f4:   8b 47 08 0f b7 c0 4c 63 e6 85 c0 0f 85 1e 01 00
0x00007ffc51774104:   00 48 81 fb 00 01 00 00 73 0d 48 89 bc dc 80 00
0x00007ffc51774114:   00 00 e9 be 00 00 00 48 81 fb ff ff ff 7f 0f 83
0x00007ffc51774124:   e7 02 00 00 8d 6e ff 3b e9 0f 85 9a 00 00 00 85
0x00007ffc51774134:   f6 0f 8e c4 00 00 00 85 ee 0f 85 bc 00 00 00 8b
0x00007ffc51774144:   de 89 5c 24 20 41 b0 0b ba 08 00 00 00 8b cb e8
0x00007ffc51774154:   98 a8 b8 ff 48 8b 54 24 28 4c 8b f0 45 33 c9 85 


Stack slot to memory mapping:

stack at sp + 0 slots: 0x0000000000000001 is an unknown value
stack at sp + 1 slots: 0x000000c300000000 is an unknown value
stack at sp + 2 slots: 0x0 is null
stack at sp + 3 slots: 0x0000000000001010 is an unknown value
stack at sp + 4 slots: 0x0 is null
stack at sp + 5 slots: 0x0 is null
stack at sp + 6 slots: 0x000000c34ddffb90 is pointing into the stack for thread: 0x00000285e58c4eb0
stack at sp + 7 slots: 0x0000000000000001 is an unknown value


---------------  P R O C E S S  ---------------

Threads class SMR info:
_java_thread_list=0x00000285f07a22f0, length=62, elements={
0x00000285cf203700, 0x00000285e58bdb60, 0x00000285e58c1470, 0x00000285e58c2ff0,
0x00000285e58c3f00, 0x00000285e58c4eb0, 0x00000285e78c7760, 0x00000285e78cade0,
0x00000285e78cb870, 0x00000285e798fd30, 0x00000285e7b53fe0, 0x00000285ec96c950,
0x00000285ec644860, 0x00000285ec408e10, 0x00000285ec7827c0, 0x00000285ece7f5d0,
0x00000285ecb2c470, 0x00000285ec8b3d80, 0x00000285ec8b5130, 0x00000285ec8b64e0,
0x00000285ec8b4aa0, 0x00000285ec8b36f0, 0x00000285ee4327a0, 0x00000285ee42f320,
0x00000285ee42e600, 0x00000285ee434870, 0x00000285ee432e30, 0x00000285ee4334c0,
0x00000285ee434f00, 0x00000285ee433b50, 0x00000285ee431a80, 0x00000285ee432110,
0x00000285ee4341e0, 0x00000285ee435590, 0x00000285ee435c20, 0x00000285ee430d60,
0x00000285ef97eb30, 0x00000285ef980c00, 0x00000285ef983360, 0x00000285ef97f1c0,
0x00000285ef97e4a0, 0x00000285ef97fee0, 0x00000285ef9839f0, 0x00000285ef982640,
0x00000285ef97f850, 0x00000285ef97d0f0, 0x00000285ef981920, 0x00000285ef97d780,
0x00000285ef97de10, 0x00000285fa0c4ee0, 0x00000285fa0c9080, 0x00000285fa0c6290,
0x00000285fa0ca430, 0x00000285fa0c8360, 0x00000285fa0c89f0, 0x00000285fa0c9da0,
0x00000285fa0c6fb0, 0x00000285fa0cb150, 0x00000285fa0caac0, 0x00000285fa0c5570,
0x00000285fa0c9710, 0x00000285fa0c4850
}

Java Threads: ( => current thread )
  0x00000285cf203700 JavaThread "main"                              [_thread_blocked, id=15564, stack(0x000000c34d500000,0x000000c34d600000) (1024K)]
  0x00000285e58bdb60 JavaThread "Reference Handler"          daemon [_thread_blocked, id=17036, stack(0x000000c34d900000,0x000000c34da00000) (1024K)]
  0x00000285e58c1470 JavaThread "Finalizer"                  daemon [_thread_blocked, id=21280, stack(0x000000c34da00000,0x000000c34db00000) (1024K)]
  0x00000285e58c2ff0 JavaThread "Signal Dispatcher"          daemon [_thread_blocked, id=16768, stack(0x000000c34db00000,0x000000c34dc00000) (1024K)]
  0x00000285e58c3f00 JavaThread "Attach Listener"            daemon [_thread_blocked, id=8392, stack(0x000000c34dc00000,0x000000c34dd00000) (1024K)]
=>0x00000285e58c4eb0 JavaThread "Service Thread"             daemon [_thread_in_vm, id=3776, stack(0x000000c34dd00000,0x000000c34de00000) (1024K)]
  0x00000285e78c7760 JavaThread "Monitor Deflation Thread"   daemon [_thread_blocked, id=11548, stack(0x000000c34de00000,0x000000c34df00000) (1024K)]
  0x00000285e78cade0 JavaThread "C2 CompilerThread0"         daemon [_thread_blocked, id=14880, stack(0x000000c34df00000,0x000000c34e000000) (1024K)]
  0x00000285e78cb870 JavaThread "C1 CompilerThread0"         daemon [_thread_blocked, id=11352, stack(0x000000c34e000000,0x000000c34e100000) (1024K)]
  0x00000285e798fd30 JavaThread "Common-Cleaner"             daemon [_thread_blocked, id=16304, stack(0x000000c34e100000,0x000000c34e200000) (1024K)]
  0x00000285e7b53fe0 JavaThread "Notification Thread"        daemon [_thread_blocked, id=16884, stack(0x000000c34e200000,0x000000c34e300000) (1024K)]
  0x00000285ec96c950 JavaThread "Active Thread: Equinox Container: a95b3d3a-1605-40d1-94d8-1bfcee1ff35d"        [_thread_blocked, id=20344, stack(0x000000c34eb00000,0x000000c34ec00000) (1024K)]
  0x00000285ec644860 JavaThread "Refresh Thread: Equinox Container: a95b3d3a-1605-40d1-94d8-1bfcee1ff35d" daemon [_thread_blocked, id=4468, stack(0x000000c34e300000,0x000000c34e400000) (1024K)]
  0x00000285ec408e10 JavaThread "Framework Event Dispatcher: Equinox Container: a95b3d3a-1605-40d1-94d8-1bfcee1ff35d" daemon [_thread_blocked, id=17444, stack(0x000000c34ec00000,0x000000c34ed00000) (1024K)]
  0x00000285ec7827c0 JavaThread "Start Level: Equinox Container: a95b3d3a-1605-40d1-94d8-1bfcee1ff35d" daemon [_thread_blocked, id=6580, stack(0x000000c34ed00000,0x000000c34ee00000) (1024K)]
  0x00000285ece7f5d0 JavaThread "Bundle File Closer"         daemon [_thread_blocked, id=12712, stack(0x000000c34ef00000,0x000000c34f000000) (1024K)]
  0x00000285ecb2c470 JavaThread "SCR Component Actor"        daemon [_thread_blocked, id=11576, stack(0x000000c34f100000,0x000000c34f200000) (1024K)]
  0x00000285ec8b3d80 JavaThread "Worker-JM"                         [_thread_blocked, id=10220, stack(0x000000c34f400000,0x000000c34f500000) (1024K)]
  0x00000285ec8b5130 JavaThread "JNA Cleaner"                daemon [_thread_blocked, id=5076, stack(0x000000c34f500000,0x000000c34f600000) (1024K)]
  0x00000285ec8b64e0 JavaThread "Java indexing"              daemon [_thread_blocked, id=6000, stack(0x000000c34f900000,0x000000c34fa00000) (1024K)]
  0x00000285ec8b4aa0 JavaThread "Thread-2"                   daemon [_thread_in_native, id=21148, stack(0x000000c34fe00000,0x000000c34ff00000) (1024K)]
  0x00000285ec8b36f0 JavaThread "Thread-3"                   daemon [_thread_in_native, id=3956, stack(0x000000c34ff00000,0x000000c350000000) (1024K)]
  0x00000285ee4327a0 JavaThread "Thread-4"                   daemon [_thread_in_native, id=14808, stack(0x000000c350000000,0x000000c350100000) (1024K)]
  0x00000285ee42f320 JavaThread "Thread-5"                   daemon [_thread_in_native, id=11852, stack(0x000000c350100000,0x000000c350200000) (1024K)]
  0x00000285ee42e600 JavaThread "Thread-6"                   daemon [_thread_in_native, id=20816, stack(0x000000c350200000,0x000000c350300000) (1024K)]
  0x00000285ee434870 JavaThread "Thread-7"                   daemon [_thread_in_native, id=10792, stack(0x000000c350300000,0x000000c350400000) (1024K)]
  0x00000285ee432e30 JavaThread "Thread-8"                   daemon [_thread_in_native, id=13852, stack(0x000000c350400000,0x000000c350500000) (1024K)]
  0x00000285ee4334c0 JavaThread "Thread-9"                   daemon [_thread_in_native, id=21064, stack(0x000000c350500000,0x000000c350600000) (1024K)]
  0x00000285ee434f00 JavaThread "Thread-10"                  daemon [_thread_in_native, id=19924, stack(0x000000c350600000,0x000000c350700000) (1024K)]
  0x00000285ee433b50 JavaThread "Thread-11"                  daemon [_thread_in_native, id=14424, stack(0x000000c350700000,0x000000c350800000) (1024K)]
  0x00000285ee431a80 JavaThread "Thread-12"                  daemon [_thread_in_native, id=9388, stack(0x000000c350800000,0x000000c350900000) (1024K)]
  0x00000285ee432110 JavaThread "Thread-13"                  daemon [_thread_in_native, id=17884, stack(0x000000c350900000,0x000000c350a00000) (1024K)]
  0x00000285ee4341e0 JavaThread "Thread-14"                  daemon [_thread_in_native, id=14688, stack(0x000000c350a00000,0x000000c350b00000) (1024K)]
  0x00000285ee435590 JavaThread "pool-2-thread-1"                   [_thread_blocked, id=15072, stack(0x000000c350b00000,0x000000c350c00000) (1024K)]
  0x00000285ee435c20 JavaThread "WorkspaceEventsHandler"            [_thread_blocked, id=20800, stack(0x000000c350c00000,0x000000c350d00000) (1024K)]
  0x00000285ee430d60 JavaThread "pool-1-thread-1"                   [_thread_blocked, id=17600, stack(0x000000c350d00000,0x000000c350e00000) (1024K)]
  0x00000285ef97eb30 JavaThread "ForkJoinPool.commonPool-worker-3" daemon [_thread_blocked, id=9576, stack(0x000000c353300000,0x000000c353400000) (1024K)]
  0x00000285ef980c00 JavaThread "ForkJoinPool.commonPool-worker-4" daemon [_thread_blocked, id=10464, stack(0x000000c353400000,0x000000c353500000) (1024K)]
  0x00000285ef983360 JavaThread "ForkJoinPool.commonPool-worker-5" daemon [_thread_blocked, id=20148, stack(0x000000c353500000,0x000000c353600000) (1024K)]
  0x00000285ef97f1c0 JavaThread "ForkJoinPool.commonPool-worker-6" daemon [_thread_blocked, id=8304, stack(0x000000c353700000,0x000000c353800000) (1024K)]
  0x00000285ef97e4a0 JavaThread "ForkJoinPool.commonPool-worker-7" daemon [_thread_blocked, id=20840, stack(0x000000c353800000,0x000000c353900000) (1024K)]
  0x00000285ef97fee0 JavaThread "ForkJoinPool.commonPool-worker-9" daemon [_thread_blocked, id=9480, stack(0x000000c353b00000,0x000000c353c00000) (1024K)]
  0x00000285ef9839f0 JavaThread "Cleaner-0"                  daemon [_thread_blocked, id=7804, stack(0x000000c353a00000,0x000000c353b00000) (1024K)]
  0x00000285ef982640 JavaThread "ForkJoinPool.commonPool-worker-10" daemon [_thread_blocked, id=9252, stack(0x000000c353c00000,0x000000c353d00000) (1024K)]
  0x00000285ef97f850 JavaThread "ForkJoinPool.commonPool-worker-11" daemon [_thread_blocked, id=7352, stack(0x000000c353d00000,0x000000c353e00000) (1024K)]
  0x00000285ef97d0f0 JavaThread "Worker-6: Building"                [_thread_in_Java, id=22300, stack(0x000000c34d200000,0x000000c34d300000) (1024K)]
  0x00000285ef981920 JavaThread "ForkJoinPool.commonPool-worker-13" daemon [_thread_blocked, id=8300, stack(0x000000c34d400000,0x000000c34d500000) (1024K)]
  0x00000285ef97d780 JavaThread "ForkJoinPool.commonPool-worker-12" daemon [_thread_blocked, id=9588, stack(0x000000c34f200000,0x000000c34f300000) (1024K)]
  0x00000285ef97de10 JavaThread "ForkJoinPool.commonPool-worker-14" daemon [_thread_blocked, id=19040, stack(0x000000c34f300000,0x000000c34f400000) (1024K)]
  0x00000285fa0c4ee0 JavaThread "Worker-8"                          [_thread_blocked, id=13552, stack(0x000000c34f700000,0x000000c34f800000) (1024K)]
  0x00000285fa0c9080 JavaThread "Compiler Source File Reader" daemon [_thread_blocked, id=2512, stack(0x000000c34f800000,0x000000c34f900000) (1024K)]
  0x00000285fa0c6290 JavaThread "Compiler Source File Reader" daemon [_thread_blocked, id=21888, stack(0x000000c34fb00000,0x000000c34fc00000) (1024K)]
  0x00000285fa0ca430 JavaThread "Compiler Source File Reader" daemon [_thread_blocked, id=7244, stack(0x000000c34fc00000,0x000000c34fd00000) (1024K)]
  0x00000285fa0c8360 JavaThread "Compiler Source File Reader" daemon [_thread_blocked, id=12696, stack(0x000000c34fd00000,0x000000c34fe00000) (1024K)]
  0x00000285fa0c89f0 JavaThread "Compiler Source File Reader" daemon [_thread_blocked, id=22188, stack(0x000000c350e00000,0x000000c350f00000) (1024K)]
  0x00000285fa0c9da0 JavaThread "Compiler Source File Reader" daemon [_thread_blocked, id=20868, stack(0x000000c350f00000,0x000000c351000000) (1024K)]
  0x00000285fa0c6fb0 JavaThread "Compiler Source File Reader" daemon [_thread_blocked, id=18068, stack(0x000000c34f600000,0x000000c34f700000) (1024K)]
  0x00000285fa0cb150 JavaThread "Compiler Source File Reader" daemon [_thread_blocked, id=15036, stack(0x000000c351000000,0x000000c351100000) (1024K)]
  0x00000285fa0caac0 JavaThread "Compiler Source File Reader" daemon [_thread_blocked, id=6948, stack(0x000000c351200000,0x000000c351300000) (1024K)]
  0x00000285fa0c5570 JavaThread "Compiler Source File Reader" daemon [_thread_blocked, id=12384, stack(0x000000c351300000,0x000000c351400000) (1024K)]
  0x00000285fa0c9710 JavaThread "Compiler Processing Task"   daemon [_thread_blocked, id=21776, stack(0x000000c34d300000,0x000000c34d400000) (1024K)]
  0x00000285fa0c4850 JavaThread "Worker-9"                          [_thread_blocked, id=16300, stack(0x000000c34fa00000,0x000000c34fb00000) (1024K)]
Total: 62

Other Threads:
  0x00000285d159ec20 VMThread "VM Thread"                           [id=14924, stack(0x000000c34d800000,0x000000c34d900000) (1024K)]
  0x00000285e5750c30 WatcherThread "VM Periodic Task Thread"        [id=9320, stack(0x000000c34d700000,0x000000c34d800000) (1024K)]
  0x00000285d14ed1c0 WorkerThread "GC Thread#0"                     [id=15128, stack(0x000000c34d600000,0x000000c34d700000) (1024K)]
  0x00000285ec338880 WorkerThread "GC Thread#1"                     [id=2496, stack(0x000000c34e500000,0x000000c34e600000) (1024K)]
  0x00000285ec1a6300 WorkerThread "GC Thread#2"                     [id=18424, stack(0x000000c34e600000,0x000000c34e700000) (1024K)]
  0x00000285ec673c50 WorkerThread "GC Thread#3"                     [id=18836, stack(0x000000c34e700000,0x000000c34e800000) (1024K)]
  0x00000285ec674400 WorkerThread "GC Thread#4"                     [id=13136, stack(0x000000c34e800000,0x000000c34e900000) (1024K)]
  0x00000285ec706ee0 WorkerThread "GC Thread#5"                     [id=6744, stack(0x000000c34e900000,0x000000c34ea00000) (1024K)]
  0x00000285ec4c1340 WorkerThread "GC Thread#6"                     [id=17396, stack(0x000000c34ea00000,0x000000c34eb00000) (1024K)]
  0x00000285ec7e3fc0 WorkerThread "GC Thread#7"                     [id=8824, stack(0x000000c34e400000,0x000000c34e500000) (1024K)]
  0x00000285ecac4800 WorkerThread "GC Thread#8"                     [id=21488, stack(0x000000c34ee00000,0x000000c34ef00000) (1024K)]
  0x00000285ecac3980 WorkerThread "GC Thread#9"                     [id=2220, stack(0x000000c34f000000,0x000000c34f100000) (1024K)]
Total: 12

Threads with active compile tasks:
Total: 0

VM state: not at safepoint (normal execution)

VM Mutex/Monitor currently owned by a thread: None

Heap address: 0x00000000c0000000, size: 1024 MB, Compressed Oops mode: 32-bit

CDS archive(s) mapped at: [0x0000028580000000-0x0000028580ba0000-0x0000028580ba0000), size 12189696, SharedBaseAddress: 0x0000028580000000, ArchiveRelocationMode: 1.
Compressed class space mapped at: 0x0000028581000000-0x00000285c1000000, reserved size: 1073741824
Narrow klass base: 0x0000028580000000, Narrow klass shift: 0, Narrow klass range: 0x100000000

GC Precious Log:
 CardTable entry size: 512
 CPUs: 12 total, 12 available
 Memory: 16233M
 Large Page Support: Disabled
 NUMA Support: Disabled
 Compressed Oops: Enabled (32-bit)
 Alignments: Space 512K, Generation 512K, Heap 2M
 Heap Min Capacity: 100M
 Heap Initial Capacity: 100M
 Heap Max Capacity: 1G
 Pre-touch: Disabled
 Parallel Workers: 10

Heap:
 PSYoungGen      total 6656K, used 3433K [0x00000000eab00000, 0x00000000eb300000, 0x0000000100000000)
  eden space 6144K, 55% used [0x00000000eab00000,0x00000000eae5a5f8,0x00000000eb100000)
  from space 512K, 0% used [0x00000000eb100000,0x00000000eb100000,0x00000000eb180000)
  to   space 512K, 0% used [0x00000000eb280000,0x00000000eb280000,0x00000000eb300000)
 ParOldGen       total 209408K, used 208427K [0x00000000c0000000, 0x00000000ccc80000, 0x00000000eab00000)
  object space 209408K, 99% used [0x00000000c0000000,0x00000000ccb8ad88,0x00000000ccc80000)
 Metaspace       used 88455K, committed 90624K, reserved 1179648K
  class space    used 8675K, committed 9600K, reserved 1048576K

Card table byte_map: [0x00000285d0eb0000,0x00000285d10c0000] _byte_map_base: 0x00000285d08b0000

Marking Bits: (ParMarkBitMap*) 0x00007ffc51c13260
 Begin Bits: [0x00000285e36d0000, 0x00000285e46d0000)
 End Bits:   [0x00000285e46d0000, 0x00000285e56d0000)

Polling page: 0x00000285d0ca0000

Metaspace:

Usage:
  Non-class:     77.91 MB used.
      Class:      8.47 MB used.
       Both:     86.38 MB used.

Virtual space:
  Non-class space:      128.00 MB reserved,      79.12 MB ( 62%) committed,  2 nodes.
      Class space:        1.00 GB reserved,       9.38 MB ( <1%) committed,  1 nodes.
             Both:        1.12 GB reserved,      88.50 MB (  8%) committed. 

Chunk freelists:
   Non-Class:  1.18 MB
       Class:  6.70 MB
        Both:  7.87 MB

MaxMetaspaceSize: unlimited
CompressedClassSpaceSize: 1.00 GB
Initial GC threshold: 21.00 MB
Current GC threshold: 147.50 MB
CDS: on
 - commit_granule_bytes: 65536.
 - commit_granule_words: 8192.
 - virtual_space_node_default_size: 8388608.
 - enlarge_chunks_in_place: 1.
 - use_allocation_guard: 0.


Internal statistics:

num_allocs_failed_limit: 9.
num_arena_births: 1740.
num_arena_deaths: 344.
num_vsnodes_births: 3.
num_vsnodes_deaths: 0.
num_space_committed: 1416.
num_space_uncommitted: 0.
num_chunks_returned_to_freelist: 404.
num_chunks_taken_from_freelist: 6000.
num_chunk_merges: 104.
num_chunk_splits: 3624.
num_chunks_enlarged: 2015.
num_inconsistent_stats: 0.

CodeHeap 'non-profiled nmethods': size=120000Kb used=13372Kb max_used=15155Kb free=106627Kb
 bounds [0x00000285dc1a0000, 0x00000285dd0d0000, 0x00000285e36d0000]
CodeHeap 'profiled nmethods': size=120000Kb used=23391Kb max_used=38072Kb free=96608Kb
 bounds [0x00000285d46d0000, 0x00000285d6c60000, 0x00000285dbc00000]
CodeHeap 'non-nmethods': size=5760Kb used=1521Kb max_used=1630Kb free=4238Kb
 bounds [0x00000285dbc00000, 0x00000285dbe70000, 0x00000285dc1a0000]
 total_blobs=11157 nmethods=10311 adapters=746
 compilation: enabled
              stopped_count=0, restarted_count=0
 full_count=0

Compilation events (20 events):
Event: 869.329 Thread 0x00000285e78cb870 23723   !   3       org.eclipse.jdt.internal.core.manipulation.JavaElementLabelComposerCore::appendTypeLabel (795 bytes)
Event: 869.332 Thread 0x00000285e78cb870 nmethod 23723 0x00000285d6695990 code [0x00000285d6696320, 0x00000285d669bb58]
Event: 869.996 Thread 0x00000285e78cb870 23724       3       org.eclipse.core.resources.IFile::readAllChars (5 bytes)
Event: 869.996 Thread 0x00000285e78cb870 nmethod 23724 0x00000285d5a22490 code [0x00000285d5a226c0, 0x00000285d5a22c38]
Event: 869.996 Thread 0x00000285e78cb870 23725       3       org.eclipse.core.internal.utils.FileUtil::readAllChars (19 bytes)
Event: 869.997 Thread 0x00000285e78cb870 nmethod 23725 0x00000285d5378110 code [0x00000285d5378340, 0x00000285d5378838]
Event: 869.997 Thread 0x00000285e78cb870 23726       3       org.eclipse.core.internal.utils.FileUtil::getContentStart (92 bytes)
Event: 869.997 Thread 0x00000285e78cb870 nmethod 23726 0x00000285d5a21310 code [0x00000285d5a21580, 0x00000285d5a21fd0]
Event: 869.998 Thread 0x00000285e78cb870 23727       3       org.eclipse.core.internal.utils.FileUtil::decode (50 bytes)
Event: 869.998 Thread 0x00000285e78cb870 nmethod 23727 0x00000285d6076e90 code [0x00000285d6077140, 0x00000285d6077d80]
Event: 869.998 Thread 0x00000285e78cb870 23728       3       java.util.WeakHashMap$HashIterator::<init> (41 bytes)
Event: 869.998 Thread 0x00000285e78cb870 nmethod 23728 0x00000285d6076690 code [0x00000285d6076860, 0x00000285d6076ce0]
Event: 870.005 Thread 0x00000285e78cb870 23729       3       sun.nio.fs.WindowsFileAttributes::isDirectoryLink (23 bytes)
Event: 870.006 Thread 0x00000285e78cb870 nmethod 23729 0x00000285d5cf5010 code [0x00000285d5cf51c0, 0x00000285d5cf5418]
Event: 870.098 Thread 0x00000285e78cb870 23730       3       org.eclipse.jdt.internal.core.builder.ClasspathDirectory::<init> (83 bytes)
Event: 870.099 Thread 0x00000285e78cb870 nmethod 23730 0x00000285d6ae5590 code [0x00000285d6ae57a0, 0x00000285d6ae5fb8]
Event: 870.115 Thread 0x00000285e78cb870 23731       3       org.eclipse.jdt.internal.core.builder.IncrementalImageBuilder::findSourceFiles (1469 bytes)
Event: 870.125 Thread 0x00000285e78cb870 nmethod 23731 0x00000285d4de2410 code [0x00000285d4de33e0, 0x00000285d4ded0b0]
Event: 870.144 Thread 0x00000285e78cb870 23732       3       org.eclipse.osgi.internal.framework.EquinoxBundle::getBundleContext (16 bytes)
Event: 870.144 Thread 0x00000285e78cb870 nmethod 23732 0x00000285d5dd4210 code [0x00000285d5dd43c0, 0x00000285d5dd45e0]

GC Heap History (20 events):
Event: 870.110 GC heap before
{Heap before GC invocations=3628 (full 10):
 PSYoungGen      total 6656K, used 6480K [0x00000000eab00000, 0x00000000eb500000, 0x0000000100000000)
  eden space 4096K, 100% used [0x00000000eab00000,0x00000000eaf00000,0x00000000eaf00000)
  from space 2560K, 93% used [0x00000000eaf00000,0x00000000eb154000,0x00000000eb180000)
  to   space 3072K, 0% used [0x00000000eb200000,0x00000000eb200000,0x00000000eb500000)
 ParOldGen       total 680448K, used 680426K [0x00000000c0000000, 0x00000000e9880000, 0x00000000eab00000)
  object space 680448K, 99% used [0x00000000c0000000,0x00000000e987a908,0x00000000e9880000)
 Metaspace       used 88731K, committed 90560K, reserved 1179648K
  class space    used 8754K, committed 9600K, reserved 1048576K
}
Event: 870.113 GC heap after
{Heap after GC invocations=3628 (full 10):
 PSYoungGen      total 4608K, used 3046K [0x00000000eab00000, 0x00000000ebb00000, 0x0000000100000000)
  eden space 1536K, 0% used [0x00000000eab00000,0x00000000eab00000,0x00000000eac80000)
  from space 3072K, 99% used [0x00000000eb200000,0x00000000eb4f99a0,0x00000000eb500000)
  to   space 5632K, 0% used [0x00000000eac80000,0x00000000eac80000,0x00000000eb200000)
 ParOldGen       total 682496K, used 682434K [0x00000000c0000000, 0x00000000e9a80000, 0x00000000eab00000)
  object space 682496K, 99% used [0x00000000c0000000,0x00000000e9a70908,0x00000000e9a80000)
 Metaspace       used 88731K, committed 90560K, reserved 1179648K
  class space    used 8754K, committed 9600K, reserved 1048576K
}
Event: 870.115 GC heap before
{Heap before GC invocations=3629 (full 10):
 PSYoungGen      total 4608K, used 4582K [0x00000000eab00000, 0x00000000ebb00000, 0x0000000100000000)
  eden space 1536K, 100% used [0x00000000eab00000,0x00000000eac80000,0x00000000eac80000)
  from space 3072K, 99% used [0x00000000eb200000,0x00000000eb4f99a0,0x00000000eb500000)
  to   space 5632K, 0% used [0x00000000eac80000,0x00000000eac80000,0x00000000eb200000)
 ParOldGen       total 682496K, used 682434K [0x00000000c0000000, 0x00000000e9a80000, 0x00000000eab00000)
  object space 682496K, 99% used [0x00000000c0000000,0x00000000e9a70908,0x00000000e9a80000)
 Metaspace       used 88744K, committed 90560K, reserved 1179648K
  class space    used 8754K, committed 9600K, reserved 1048576K
}
Event: 870.118 GC heap after
{Heap after GC invocations=3629 (full 10):
 PSYoungGen      total 3072K, used 1360K [0x00000000eab00000, 0x00000000eb300000, 0x0000000100000000)
  eden space 1536K, 0% used [0x00000000eab00000,0x00000000eab00000,0x00000000eac80000)
  from space 1536K, 88% used [0x00000000eac80000,0x00000000eadd4010,0x00000000eae00000)
  to   space 3072K, 0% used [0x00000000eb000000,0x00000000eb000000,0x00000000eb300000)
 ParOldGen       total 685568K, used 685504K [0x00000000c0000000, 0x00000000e9d80000, 0x00000000eab00000)
  object space 685568K, 99% used [0x00000000c0000000,0x00000000e9d702a8,0x00000000e9d80000)
 Metaspace       used 88744K, committed 90560K, reserved 1179648K
  class space    used 8754K, committed 9600K, reserved 1048576K
}
Event: 870.121 GC heap before
{Heap before GC invocations=3630 (full 10):
 PSYoungGen      total 3072K, used 2896K [0x00000000eab00000, 0x00000000eb300000, 0x0000000100000000)
  eden space 1536K, 100% used [0x00000000eab00000,0x00000000eac80000,0x00000000eac80000)
  from space 1536K, 88% used [0x00000000eac80000,0x00000000eadd4010,0x00000000eae00000)
  to   space 3072K, 0% used [0x00000000eb000000,0x00000000eb000000,0x00000000eb300000)
 ParOldGen       total 685568K, used 685504K [0x00000000c0000000, 0x00000000e9d80000, 0x00000000eab00000)
  object space 685568K, 99% used [0x00000000c0000000,0x00000000e9d702a8,0x00000000e9d80000)
 Metaspace       used 88757K, committed 90624K, reserved 1179648K
  class space    used 8754K, committed 9600K, reserved 1048576K
}
Event: 870.124 GC heap after
{Heap after GC invocations=3630 (full 10):
 PSYoungGen      total 4096K, used 1636K [0x00000000eab00000, 0x00000000eb200000, 0x0000000100000000)
  eden space 2048K, 0% used [0x00000000eab00000,0x00000000eab00000,0x00000000ead00000)
  from space 2048K, 79% used [0x00000000eb000000,0x00000000eb199040,0x00000000eb200000)
  to   space 2048K, 0% used [0x00000000eae00000,0x00000000eae00000,0x00000000eb000000)
 ParOldGen       total 687104K, used 686760K [0x00000000c0000000, 0x00000000e9f00000, 0x00000000eab00000)
  object space 687104K, 99% used [0x00000000c0000000,0x00000000e9eaa2c8,0x00000000e9f00000)
 Metaspace       used 88757K, committed 90624K, reserved 1179648K
  class space    used 8754K, committed 9600K, reserved 1048576K
}
Event: 870.126 GC heap before
{Heap before GC invocations=3631 (full 10):
 PSYoungGen      total 4096K, used 3684K [0x00000000eab00000, 0x00000000eb200000, 0x0000000100000000)
  eden space 2048K, 100% used [0x00000000eab00000,0x00000000ead00000,0x00000000ead00000)
  from space 2048K, 79% used [0x00000000eb000000,0x00000000eb199040,0x00000000eb200000)
  to   space 2048K, 0% used [0x00000000eae00000,0x00000000eae00000,0x00000000eb000000)
 ParOldGen       total 687104K, used 686760K [0x00000000c0000000, 0x00000000e9f00000, 0x00000000eab00000)
  object space 687104K, 99% used [0x00000000c0000000,0x00000000e9eaa2c8,0x00000000e9f00000)
 Metaspace       used 88757K, committed 90624K, reserved 1179648K
  class space    used 8754K, committed 9600K, reserved 1048576K
}
Event: 870.128 GC heap after
{Heap after GC invocations=3631 (full 10):
 PSYoungGen      total 4608K, used 2029K [0x00000000eab00000, 0x00000000eb580000, 0x0000000100000000)
  eden space 2560K, 0% used [0x00000000eab00000,0x00000000eab00000,0x00000000ead80000)
  from space 2048K, 99% used [0x00000000eae00000,0x00000000eaffb658,0x00000000eb000000)
  to   space 4096K, 0% used [0x00000000eb180000,0x00000000eb180000,0x00000000eb580000)
 ParOldGen       total 688640K, used 688323K [0x00000000c0000000, 0x00000000ea080000, 0x00000000eab00000)
  object space 688640K, 99% used [0x00000000c0000000,0x00000000ea030e58,0x00000000ea080000)
 Metaspace       used 88757K, committed 90624K, reserved 1179648K
  class space    used 8754K, committed 9600K, reserved 1048576K
}
Event: 870.130 GC heap before
{Heap before GC invocations=3632 (full 10):
 PSYoungGen      total 4608K, used 4589K [0x00000000eab00000, 0x00000000eb580000, 0x0000000100000000)
  eden space 2560K, 100% used [0x00000000eab00000,0x00000000ead80000,0x00000000ead80000)
  from space 2048K, 99% used [0x00000000eae00000,0x00000000eaffb658,0x00000000eb000000)
  to   space 4096K, 0% used [0x00000000eb180000,0x00000000eb180000,0x00000000eb580000)
 ParOldGen       total 688640K, used 688323K [0x00000000c0000000, 0x00000000ea080000, 0x00000000eab00000)
  object space 688640K, 99% used [0x00000000c0000000,0x00000000ea030e58,0x00000000ea080000)
 Metaspace       used 88757K, committed 90624K, reserved 1179648K
  class space    used 8754K, committed 9600K, reserved 1048576K
}
Event: 870.132 GC heap after
{Heap after GC invocations=3632 (full 10):
 PSYoungGen      total 6144K, used 2696K [0x00000000eab00000, 0x00000000eb480000, 0x0000000100000000)
  eden space 3072K, 0% used [0x00000000eab00000,0x00000000eab00000,0x00000000eae00000)
  from space 3072K, 87% used [0x00000000eb180000,0x00000000eb422198,0x00000000eb480000)
  to   space 3072K, 0% used [0x00000000eae80000,0x00000000eae80000,0x00000000eb180000)
 ParOldGen       total 690688K, used 690337K [0x00000000c0000000, 0x00000000ea280000, 0x00000000eab00000)
  object space 690688K, 99% used [0x00000000c0000000,0x00000000ea2287e8,0x00000000ea280000)
 Metaspace       used 88757K, committed 90624K, reserved 1179648K
  class space    used 8754K, committed 9600K, reserved 1048576K
}
Event: 870.136 GC heap before
{Heap before GC invocations=3633 (full 10):
 PSYoungGen      total 6144K, used 5635K [0x00000000eab00000, 0x00000000eb480000, 0x0000000100000000)
  eden space 3072K, 95% used [0x00000000eab00000,0x00000000eaddebe0,0x00000000eae00000)
  from space 3072K, 87% used [0x00000000eb180000,0x00000000eb422198,0x00000000eb480000)
  to   space 3072K, 0% used [0x00000000eae80000,0x00000000eae80000,0x00000000eb180000)
 ParOldGen       total 690688K, used 690337K [0x00000000c0000000, 0x00000000ea280000, 0x00000000eab00000)
  object space 690688K, 99% used [0x00000000c0000000,0x00000000ea2287e8,0x00000000ea280000)
 Metaspace       used 88757K, committed 90624K, reserved 1179648K
  class space    used 8754K, committed 9600K, reserved 1048576K
}
Event: 870.138 GC heap after
{Heap after GC invocations=3633 (full 10):
 PSYoungGen      total 6656K, used 2961K [0x00000000eab00000, 0x00000000eb500000, 0x0000000100000000)
  eden space 3584K, 0% used [0x00000000eab00000,0x00000000eab00000,0x00000000eae80000)
  from space 3072K, 96% used [0x00000000eae80000,0x00000000eb164788,0x00000000eb180000)
  to   space 3072K, 0% used [0x00000000eb200000,0x00000000eb200000,0x00000000eb500000)
 ParOldGen       total 693248K, used 692901K [0x00000000c0000000, 0x00000000ea500000, 0x00000000eab00000)
  object space 693248K, 99% used [0x00000000c0000000,0x00000000ea4a9478,0x00000000ea500000)
 Metaspace       used 88757K, committed 90624K, reserved 1179648K
  class space    used 8754K, committed 9600K, reserved 1048576K
}
Event: 870.149 GC heap before
{Heap before GC invocations=3634 (full 10):
 PSYoungGen      total 6656K, used 6545K [0x00000000eab00000, 0x00000000eb500000, 0x0000000100000000)
  eden space 3584K, 100% used [0x00000000eab00000,0x00000000eae80000,0x00000000eae80000)
  from space 3072K, 96% used [0x00000000eae80000,0x00000000eb164788,0x00000000eb180000)
  to   space 3072K, 0% used [0x00000000eb200000,0x00000000eb200000,0x00000000eb500000)
 ParOldGen       total 693248K, used 692901K [0x00000000c0000000, 0x00000000ea500000, 0x00000000eab00000)
  object space 693248K, 99% used [0x00000000c0000000,0x00000000ea4a9478,0x00000000ea500000)
 Metaspace       used 88757K, committed 90624K, reserved 1179648K
  class space    used 8754K, committed 9600K, reserved 1048576K
}
Event: 870.151 GC heap after
{Heap after GC invocations=3634 (full 10):
 PSYoungGen      total 7168K, used 1824K [0x00000000eab00000, 0x00000000eb480000, 0x0000000100000000)
  eden space 4608K, 0% used [0x00000000eab00000,0x00000000eab00000,0x00000000eaf80000)
  from space 2560K, 71% used [0x00000000eb200000,0x00000000eb3c8000,0x00000000eb480000)
  to   space 2560K, 0% used [0x00000000eaf80000,0x00000000eaf80000,0x00000000eb200000)
 ParOldGen       total 695296K, used 694861K [0x00000000c0000000, 0x00000000ea700000, 0x00000000eab00000)
  object space 695296K, 99% used [0x00000000c0000000,0x00000000ea693478,0x00000000ea700000)
 Metaspace       used 88757K, committed 90624K, reserved 1179648K
  class space    used 8754K, committed 9600K, reserved 1048576K
}
Event: 870.154 GC heap before
{Heap before GC invocations=3635 (full 10):
 PSYoungGen      total 7168K, used 2297K [0x00000000eab00000, 0x00000000eb480000, 0x0000000100000000)
  eden space 4608K, 10% used [0x00000000eab00000,0x00000000eab766d8,0x00000000eaf80000)
  from space 2560K, 71% used [0x00000000eb200000,0x00000000eb3c8000,0x00000000eb480000)
  to   space 2560K, 0% used [0x00000000eaf80000,0x00000000eaf80000,0x00000000eb200000)
 ParOldGen       total 699392K, used 694861K [0x00000000c0000000, 0x00000000eab00000, 0x00000000eab00000)
  object space 699392K, 99% used [0x00000000c0000000,0x00000000ea693478,0x00000000eab00000)
 Metaspace       used 88757K, committed 90624K, reserved 1179648K
  class space    used 8754K, committed 9600K, reserved 1048576K
}
Event: 870.156 GC heap after
{Heap after GC invocations=3635 (full 10):
 PSYoungGen      total 5120K, used 432K [0x00000000eab00000, 0x00000000eb280000, 0x0000000100000000)
  eden space 4608K, 0% used [0x00000000eab00000,0x00000000eab00000,0x00000000eaf80000)
  from space 512K, 84% used [0x00000000eaf80000,0x00000000eafec010,0x00000000eb000000)
  to   space 1024K, 0% used [0x00000000eb180000,0x00000000eb180000,0x00000000eb280000)
 ParOldGen       total 699392K, used 697197K [0x00000000c0000000, 0x00000000eab00000, 0x00000000eab00000)
  object space 699392K, 99% used [0x00000000c0000000,0x00000000ea8db488,0x00000000eab00000)
 Metaspace       used 88757K, committed 90624K, reserved 1179648K
  class space    used 8754K, committed 9600K, reserved 1048576K
}
Event: 870.156 GC heap before
{Heap before GC invocations=3636 (full 10):
 PSYoungGen      total 5120K, used 432K [0x00000000eab00000, 0x00000000eb280000, 0x0000000100000000)
  eden space 4608K, 0% used [0x00000000eab00000,0x00000000eab00000,0x00000000eaf80000)
  from space 512K, 84% used [0x00000000eaf80000,0x00000000eafec010,0x00000000eb000000)
  to   space 1024K, 0% used [0x00000000eb180000,0x00000000eb180000,0x00000000eb280000)
 ParOldGen       total 699392K, used 697197K [0x00000000c0000000, 0x00000000eab00000, 0x00000000eab00000)
  object space 699392K, 99% used [0x00000000c0000000,0x00000000ea8db488,0x00000000eab00000)
 Metaspace       used 88757K, committed 90624K, reserved 1179648K
  class space    used 8754K, committed 9600K, reserved 1048576K
}
Event: 870.157 GC heap after
{Heap after GC invocations=3636 (full 10):
 PSYoungGen      total 6144K, used 0K [0x00000000eab00000, 0x00000000eb200000, 0x0000000100000000)
  eden space 5632K, 0% used [0x00000000eab00000,0x00000000eab00000,0x00000000eb080000)
  from space 512K, 0% used [0x00000000eb180000,0x00000000eb180000,0x00000000eb200000)
  to   space 512K, 0% used [0x00000000eb100000,0x00000000eb100000,0x00000000eb180000)
 ParOldGen       total 699392K, used 697509K [0x00000000c0000000, 0x00000000eab00000, 0x00000000eab00000)
  object space 699392K, 99% used [0x00000000c0000000,0x00000000ea9294b8,0x00000000eab00000)
 Metaspace       used 88757K, committed 90624K, reserved 1179648K
  class space    used 8754K, committed 9600K, reserved 1048576K
}
Event: 870.157 GC heap before
{Heap before GC invocations=3637 (full 11):
 PSYoungGen      total 6144K, used 0K [0x00000000eab00000, 0x00000000eb200000, 0x0000000100000000)
  eden space 5632K, 0% used [0x00000000eab00000,0x00000000eab00000,0x00000000eb080000)
  from space 512K, 0% used [0x00000000eb180000,0x00000000eb180000,0x00000000eb200000)
  to   space 512K, 0% used [0x00000000eb100000,0x00000000eb100000,0x00000000eb180000)
 ParOldGen       total 699392K, used 697509K [0x00000000c0000000, 0x00000000eab00000, 0x00000000eab00000)
  object space 699392K, 99% used [0x00000000c0000000,0x00000000ea9294b8,0x00000000eab00000)
 Metaspace       used 88757K, committed 90624K, reserved 1179648K
  class space    used 8754K, committed 9600K, reserved 1048576K
}
Event: 870.325 GC heap after
{Heap after GC invocations=3637 (full 11):
 PSYoungGen      total 6656K, used 0K [0x00000000eab00000, 0x00000000eb300000, 0x0000000100000000)
  eden space 6144K, 0% used [0x00000000eab00000,0x00000000eab00000,0x00000000eb100000)
  from space 512K, 0% used [0x00000000eb100000,0x00000000eb100000,0x00000000eb180000)
  to   space 512K, 0% used [0x00000000eb280000,0x00000000eb280000,0x00000000eb300000)
 ParOldGen       total 209408K, used 177707K [0x00000000c0000000, 0x00000000ccc80000, 0x00000000eab00000)
  object space 209408K, 84% used [0x00000000c0000000,0x00000000cad8ad58,0x00000000ccc80000)
 Metaspace       used 88455K, committed 90624K, reserved 1179648K
  class space    used 8675K, committed 9600K, reserved 1048576K
}

Dll operation events (12 events):
Event: 0.005 Loaded shared library c:\Users\PC3\.vscode\extensions\redhat.java-1.41.1-win32-x64\jre\21.0.6-win32-x86_64\bin\java.dll
Event: 0.092 Loaded shared library c:\Users\PC3\.vscode\extensions\redhat.java-1.41.1-win32-x64\jre\21.0.6-win32-x86_64\bin\zip.dll
Event: 0.110 Loaded shared library C:\Users\PC3\.vscode\extensions\redhat.java-1.41.1-win32-x64\jre\21.0.6-win32-x86_64\bin\instrument.dll
Event: 0.114 Loaded shared library C:\Users\PC3\.vscode\extensions\redhat.java-1.41.1-win32-x64\jre\21.0.6-win32-x86_64\bin\net.dll
Event: 0.117 Loaded shared library C:\Users\PC3\.vscode\extensions\redhat.java-1.41.1-win32-x64\jre\21.0.6-win32-x86_64\bin\nio.dll
Event: 0.119 Loaded shared library C:\Users\PC3\.vscode\extensions\redhat.java-1.41.1-win32-x64\jre\21.0.6-win32-x86_64\bin\zip.dll
Event: 0.138 Loaded shared library C:\Users\PC3\.vscode\extensions\redhat.java-1.41.1-win32-x64\jre\21.0.6-win32-x86_64\bin\jimage.dll
Event: 0.220 Loaded shared library c:\Users\PC3\.vscode\extensions\redhat.java-1.41.1-win32-x64\jre\21.0.6-win32-x86_64\bin\verify.dll
Event: 3.971 Loaded shared library C:\Users\PC3\AppData\Roaming\Code\User\globalStorage\redhat.java\1.41.1\config_win\org.eclipse.equinox.launcher\org.eclipse.equinox.launcher.win32.win32.x86_64_1.2.1300.v20250331-1702\eclipse_11911.dll
Event: 10.344 Loaded shared library C:\Users\PC3\AppData\Local\Temp\jna-79008\jna13681892811802193121.dll
Event: 11.348 Loaded shared library C:\Users\PC3\.vscode\extensions\redhat.java-1.41.1-win32-x64\jre\21.0.6-win32-x86_64\bin\sunmscapi.dll
Event: 12.704 Loaded shared library C:\Users\PC3\.vscode\extensions\redhat.java-1.41.1-win32-x64\jre\21.0.6-win32-x86_64\bin\extnet.dll

Deoptimization events (20 events):
Event: 857.646 Thread 0x00000285ef980c00 Uncommon trap: trap_request=0xffffffde fr.pc=0x00000285dc85fc40 relative=0x0000000000000a20
Event: 857.646 Thread 0x00000285ef980c00 Uncommon trap: reason=class_check action=maybe_recompile pc=0x00000285dc85fc40 method=org.eclipse.lsp4j.jsonrpc.json.adapters.CollectionTypeAdapter.write(Lcom/google/gson/stream/JsonWriter;Ljava/util/Collection;)V @ 70 c2
Event: 857.646 Thread 0x00000285ef980c00 DEOPT PACKING pc=0x00000285dc85fc40 sp=0x000000c3534fe440
Event: 857.646 Thread 0x00000285ef980c00 DEOPT UNPACKING pc=0x00000285dbc53aa2 sp=0x000000c3534fe430 mode 2
Event: 858.994 Thread 0x00000285ec8b64e0 Uncommon trap: trap_request=0xffffff45 fr.pc=0x00000285dcb0d65c relative=0x00000000000004bc
Event: 858.994 Thread 0x00000285ec8b64e0 Uncommon trap: reason=unstable_if action=reinterpret pc=0x00000285dcb0d65c method=org.eclipse.jdt.internal.compiler.util.SimpleLookupTable.containsKey(Ljava/lang/Object;)Z @ 35 c2
Event: 858.994 Thread 0x00000285ec8b64e0 DEOPT PACKING pc=0x00000285dcb0d65c sp=0x000000c34f9fef60
Event: 858.994 Thread 0x00000285ec8b64e0 DEOPT UNPACKING pc=0x00000285dbc53aa2 sp=0x000000c34f9feef0 mode 2
Event: 859.192 Thread 0x00000285ec8b64e0 Uncommon trap: trap_request=0xffffffde fr.pc=0x00000285dcb2dab0 relative=0x00000000000038f0
Event: 859.192 Thread 0x00000285ec8b64e0 Uncommon trap: reason=class_check action=maybe_recompile pc=0x00000285dcb2dab0 method=org.eclipse.jdt.internal.core.search.indexing.IndexManager.updateMetaIndex(Ljava/lang/String;Ljava/util/List;)V @ 91 c2
Event: 859.192 Thread 0x00000285ec8b64e0 DEOPT PACKING pc=0x00000285dcb2dab0 sp=0x000000c34f9ff260
Event: 859.192 Thread 0x00000285ec8b64e0 DEOPT UNPACKING pc=0x00000285dbc53aa2 sp=0x000000c34f9ff2c0 mode 2
Event: 860.815 Thread 0x00000285ef97d0f0 Uncommon trap: trap_request=0xffffff3d fr.pc=0x00000285dcf893e8 relative=0x0000000000000308
Event: 860.815 Thread 0x00000285ef97d0f0 Uncommon trap: reason=unstable_fused_if action=reinterpret pc=0x00000285dcf893e8 method=org.eclipse.jdt.internal.compiler.problem.ProblemReporter.computeSeverity(I)I @ 1 c2
Event: 860.815 Thread 0x00000285ef97d0f0 DEOPT PACKING pc=0x00000285dcf893e8 sp=0x000000c34d2fec40
Event: 860.815 Thread 0x00000285ef97d0f0 DEOPT UNPACKING pc=0x00000285dbc53aa2 sp=0x000000c34d2febc8 mode 2
Event: 868.674 Thread 0x00000285ee430d60 Uncommon trap: trap_request=0xffffffc6 fr.pc=0x00000285dc7c3a1c relative=0x000000000000221c
Event: 868.674 Thread 0x00000285ee430d60 Uncommon trap: reason=bimorphic_or_optimized_type_check action=maybe_recompile pc=0x00000285dc7c3a1c method=java.io.InputStream.readNBytes(I)[B @ 55 c2
Event: 868.674 Thread 0x00000285ee430d60 DEOPT PACKING pc=0x00000285dc7c3a1c sp=0x000000c350dfdeb0
Event: 868.674 Thread 0x00000285ee430d60 DEOPT UNPACKING pc=0x00000285dbc53aa2 sp=0x000000c350dfde80 mode 2

Classes loaded (20 events):
Event: 241.241 Loading class java/util/stream/Sink$ChainedInt done
Event: 241.241 Loading class java/util/stream/IntPipeline$1$1 done
Event: 311.953 Loading class java/util/stream/Nodes$CollectorTask$OfRef
Event: 311.953 Loading class java/util/stream/Nodes$CollectorTask
Event: 311.953 Loading class java/util/stream/Nodes$CollectorTask done
Event: 311.953 Loading class java/util/stream/Nodes$CollectorTask$OfRef done
Event: 311.955 Loading class java/util/function/LongFunction
Event: 311.955 Loading class java/util/function/LongFunction done
Event: 311.955 Loading class java/util/stream/Nodes$ConcNode
Event: 311.955 Loading class java/util/stream/Nodes$AbstractConcNode
Event: 311.955 Loading class java/util/stream/Nodes$AbstractConcNode done
Event: 311.955 Loading class java/util/stream/Nodes$ConcNode done
Event: 311.961 Loading class java/io/ObjectOutputStream$BlockDataOutputStream
Event: 311.961 Loading class java/io/ObjectOutputStream$BlockDataOutputStream done
Event: 311.961 Loading class java/io/ObjectOutputStream$HandleTable
Event: 311.962 Loading class java/io/ObjectOutputStream$HandleTable done
Event: 311.962 Loading class java/io/ObjectOutputStream$ReplaceTable
Event: 311.962 Loading class java/io/ObjectOutputStream$ReplaceTable done
Event: 579.534 Loading class java/nio/channels/CompletionHandler
Event: 579.534 Loading class java/nio/channels/CompletionHandler done

Classes unloaded (20 events):
Event: 870.200 Thread 0x00000285d159ec20 Unloading class 0x0000028581080400 'java/lang/invoke/LambdaForm$MH+0x0000028581080400'
Event: 870.200 Thread 0x00000285d159ec20 Unloading class 0x0000028581018400 'java/lang/invoke/LambdaForm$MH+0x0000028581018400'
Event: 870.200 Thread 0x00000285d159ec20 Unloading class 0x000002858100d800 'java/lang/invoke/LambdaForm$MH+0x000002858100d800'
Event: 870.200 Thread 0x00000285d159ec20 Unloading class 0x000002858100d400 'java/lang/invoke/LambdaForm$MH+0x000002858100d400'
Event: 870.200 Thread 0x00000285d159ec20 Unloading class 0x000002858100d000 'java/lang/invoke/LambdaForm$MH+0x000002858100d000'
Event: 870.200 Thread 0x00000285d159ec20 Unloading class 0x000002858100cc00 'java/lang/invoke/LambdaForm$MH+0x000002858100cc00'
Event: 870.200 Thread 0x00000285d159ec20 Unloading class 0x000002858100c800 'java/lang/invoke/LambdaForm$BMH+0x000002858100c800'
Event: 870.200 Thread 0x00000285d159ec20 Unloading class 0x000002858100c000 'java/lang/invoke/LambdaForm$DMH+0x000002858100c000'
Event: 870.200 Thread 0x00000285d159ec20 Unloading class 0x0000028581008400 'java/lang/invoke/LambdaForm$MH+0x0000028581008400'
Event: 870.200 Thread 0x00000285d159ec20 Unloading class 0x0000028581008000 'java/lang/invoke/LambdaForm$MH+0x0000028581008000'
Event: 870.200 Thread 0x00000285d159ec20 Unloading class 0x0000028581007c00 'java/lang/invoke/LambdaForm$MH+0x0000028581007c00'
Event: 870.200 Thread 0x00000285d159ec20 Unloading class 0x0000028581006800 'java/lang/invoke/LambdaForm$MH+0x0000028581006800'
Event: 870.200 Thread 0x00000285d159ec20 Unloading class 0x0000028581006000 'java/lang/invoke/LambdaForm$MH+0x0000028581006000'
Event: 870.200 Thread 0x00000285d159ec20 Unloading class 0x0000028581005c00 'java/lang/invoke/LambdaForm$MH+0x0000028581005c00'
Event: 870.200 Thread 0x00000285d159ec20 Unloading class 0x0000028581005800 'java/lang/invoke/LambdaForm$MH+0x0000028581005800'
Event: 870.200 Thread 0x00000285d159ec20 Unloading class 0x0000028581005400 'java/lang/invoke/LambdaForm$BMH+0x0000028581005400'
Event: 870.200 Thread 0x00000285d159ec20 Unloading class 0x0000028581004000 'java/lang/invoke/LambdaForm$DMH+0x0000028581004000'
Event: 870.200 Thread 0x00000285d159ec20 Unloading class 0x0000028581002400 'java/lang/invoke/LambdaForm$MH+0x0000028581002400'
Event: 870.200 Thread 0x00000285d159ec20 Unloading class 0x0000028581002000 'java/lang/invoke/LambdaForm$MH+0x0000028581002000'
Event: 870.200 Thread 0x00000285d159ec20 Unloading class 0x0000028581001800 'java/lang/invoke/LambdaForm$MH+0x0000028581001800'

Classes redefined (0 events):
No events

Internal exceptions (20 events):
Event: 677.783 Thread 0x00000285ef980c00 Exception <a 'java/lang/ArrayIndexOutOfBoundsException'{0x00000000eabba508}> (0x00000000eabba508) 
thrown [s\src\hotspot\share\runtime\sharedRuntime.cpp, line 625]
Event: 679.751 Thread 0x00000285ec8b64e0 Exception <a 'sun/nio/fs/WindowsException'{0x00000000eacd6e60}> (0x00000000eacd6e60) 
thrown [s\src\hotspot\share\prims\jni.cpp, line 520]
Event: 679.885 Thread 0x00000285ec8b64e0 Exception <a 'sun/nio/fs/WindowsException'{0x00000000eab47b68}> (0x00000000eab47b68) 
thrown [s\src\hotspot\share\prims\jni.cpp, line 520]
Event: 681.829 Thread 0x00000285ec8b64e0 Exception <a 'sun/nio/fs/WindowsException'{0x00000000eacade20}> (0x00000000eacade20) 
thrown [s\src\hotspot\share\prims\jni.cpp, line 520]
Event: 681.981 Thread 0x00000285ec8b64e0 Exception <a 'sun/nio/fs/WindowsException'{0x00000000eab8b6f8}> (0x00000000eab8b6f8) 
thrown [s\src\hotspot\share\prims\jni.cpp, line 520]
Event: 698.141 Thread 0x00000285ec8b64e0 Exception <a 'sun/nio/fs/WindowsException'{0x00000000ead9f4e8}> (0x00000000ead9f4e8) 
thrown [s\src\hotspot\share\prims\jni.cpp, line 520]
Event: 698.274 Thread 0x00000285ec8b64e0 Exception <a 'sun/nio/fs/WindowsException'{0x00000000eac7c780}> (0x00000000eac7c780) 
thrown [s\src\hotspot\share\prims\jni.cpp, line 520]
Event: 721.306 Thread 0x00000285fa0c4ee0 Exception <a 'sun/nio/fs/WindowsException'{0x00000000eabe3178}> (0x00000000eabe3178) 
thrown [s\src\hotspot\share\prims\jni.cpp, line 520]
Event: 721.310 Thread 0x00000285fa0c4ee0 Exception <a 'sun/nio/fs/WindowsException'{0x00000000eac0c8e8}> (0x00000000eac0c8e8) 
thrown [s\src\hotspot\share\prims\jni.cpp, line 520]
Event: 725.155 Thread 0x00000285ee435c20 Implicit null exception at 0x00000285dc93e671 to 0x00000285dc93f9dc
Event: 725.166 Thread 0x00000285ec8b64e0 Exception <a 'sun/nio/fs/WindowsException'{0x00000000eac714a0}> (0x00000000eac714a0) 
thrown [s\src\hotspot\share\prims\jni.cpp, line 520]
Event: 725.427 Thread 0x00000285ec8b64e0 Exception <a 'sun/nio/fs/WindowsException'{0x00000000eab74b30}> (0x00000000eab74b30) 
thrown [s\src\hotspot\share\prims\jni.cpp, line 520]
Event: 730.490 Thread 0x00000285ec8b64e0 Exception <a 'sun/nio/fs/WindowsException'{0x00000000eb4f0b88}> (0x00000000eb4f0b88) 
thrown [s\src\hotspot\share\prims\jni.cpp, line 520]
Event: 730.636 Thread 0x00000285ec8b64e0 Exception <a 'sun/nio/fs/WindowsException'{0x00000000eab47e38}> (0x00000000eab47e38) 
thrown [s\src\hotspot\share\prims\jni.cpp, line 520]
Event: 735.844 Thread 0x00000285ef97d0f0 Exception <a 'sun/nio/fs/WindowsException'{0x00000000eaf99910}> (0x00000000eaf99910) 
thrown [s\src\hotspot\share\prims\jni.cpp, line 520]
Event: 858.993 Thread 0x00000285ec8b64e0 Exception <a 'sun/nio/fs/WindowsException'{0x00000000eac42c88}> (0x00000000eac42c88) 
thrown [s\src\hotspot\share\prims\jni.cpp, line 520]
Event: 859.191 Thread 0x00000285ec8b64e0 Exception <a 'sun/nio/fs/WindowsException'{0x00000000eaccdfb0}> (0x00000000eaccdfb0) 
thrown [s\src\hotspot\share\prims\jni.cpp, line 520]
Event: 868.691 Thread 0x00000285ec8b64e0 Exception <a 'sun/nio/fs/WindowsException'{0x00000000eaca0668}> (0x00000000eaca0668) 
thrown [s\src\hotspot\share\prims\jni.cpp, line 520]
Event: 868.850 Thread 0x00000285ec8b64e0 Exception <a 'sun/nio/fs/WindowsException'{0x00000000eab29da0}> (0x00000000eab29da0) 
thrown [s\src\hotspot\share\prims\jni.cpp, line 520]
Event: 870.006 Thread 0x00000285ec8b64e0 Exception <a 'sun/nio/fs/WindowsException'{0x00000000eace5850}> (0x00000000eace5850) 
thrown [s\src\hotspot\share\prims\jni.cpp, line 520]

ZGC Phase Switch (0 events):
No events

VM Operations (20 events):
Event: 870.042 Executing VM operation: ParallelGCFailedAllocation (Allocation Failure)
Event: 870.044 Executing VM operation: ParallelGCFailedAllocation (Allocation Failure) done
Event: 870.061 Executing VM operation: ParallelGCFailedAllocation (Allocation Failure)
Event: 870.065 Executing VM operation: ParallelGCFailedAllocation (Allocation Failure) done
Event: 870.110 Executing VM operation: ParallelGCFailedAllocation (Allocation Failure)
Event: 870.113 Executing VM operation: ParallelGCFailedAllocation (Allocation Failure) done
Event: 870.115 Executing VM operation: ParallelGCFailedAllocation (Allocation Failure)
Event: 870.118 Executing VM operation: ParallelGCFailedAllocation (Allocation Failure) done
Event: 870.121 Executing VM operation: ParallelGCFailedAllocation (Allocation Failure)
Event: 870.124 Executing VM operation: ParallelGCFailedAllocation (Allocation Failure) done
Event: 870.126 Executing VM operation: ParallelGCFailedAllocation (Allocation Failure)
Event: 870.128 Executing VM operation: ParallelGCFailedAllocation (Allocation Failure) done
Event: 870.130 Executing VM operation: ParallelGCFailedAllocation (Allocation Failure)
Event: 870.132 Executing VM operation: ParallelGCFailedAllocation (Allocation Failure) done
Event: 870.136 Executing VM operation: ParallelGCFailedAllocation (Allocation Failure)
Event: 870.138 Executing VM operation: ParallelGCFailedAllocation (Allocation Failure) done
Event: 870.149 Executing VM operation: ParallelGCFailedAllocation (Allocation Failure)
Event: 870.152 Executing VM operation: ParallelGCFailedAllocation (Allocation Failure) done
Event: 870.154 Executing VM operation: ParallelGCFailedAllocation (Allocation Failure)
Event: 870.325 Executing VM operation: ParallelGCFailedAllocation (Allocation Failure) done

Memory protections (0 events):
No events

Nmethod flushes (20 events):
Event: 870.219 Thread 0x00000285d159ec20 flushing  nmethod 0x00000285d6ae8010
Event: 870.219 Thread 0x00000285d159ec20 flushing  nmethod 0x00000285d6aed810
Event: 870.219 Thread 0x00000285d159ec20 flushing  nmethod 0x00000285d6aedc90
Event: 870.219 Thread 0x00000285d159ec20 flushing  nmethod 0x00000285d6b01d10
Event: 870.219 Thread 0x00000285d159ec20 flushing  nmethod 0x00000285d6b03f90
Event: 870.219 Thread 0x00000285d159ec20 flushing  nmethod 0x00000285d6b07490
Event: 870.219 Thread 0x00000285d159ec20 flushing  nmethod 0x00000285d6b07d10
Event: 870.219 Thread 0x00000285d159ec20 flushing  nmethod 0x00000285d6b24790
Event: 870.219 Thread 0x00000285d159ec20 flushing  nmethod 0x00000285d6b35c90
Event: 870.219 Thread 0x00000285d159ec20 flushing  nmethod 0x00000285d6b3e810
Event: 870.219 Thread 0x00000285d159ec20 flushing  nmethod 0x00000285d6b99990
Event: 870.219 Thread 0x00000285d159ec20 flushing  nmethod 0x00000285d6b9d310
Event: 870.219 Thread 0x00000285d159ec20 flushing  nmethod 0x00000285d6bafc90
Event: 870.219 Thread 0x00000285d159ec20 flushing  nmethod 0x00000285d6bb0890
Event: 870.219 Thread 0x00000285d159ec20 flushing  nmethod 0x00000285d6bb9d10
Event: 870.219 Thread 0x00000285d159ec20 flushing  nmethod 0x00000285d6bd9c90
Event: 870.219 Thread 0x00000285d159ec20 flushing  nmethod 0x00000285d6be3790
Event: 870.219 Thread 0x00000285d159ec20 flushing  nmethod 0x00000285d6be5910
Event: 870.219 Thread 0x00000285d159ec20 flushing  nmethod 0x00000285d6bf3610
Event: 870.219 Thread 0x00000285d159ec20 flushing  nmethod 0x00000285d6bfc210

Events (20 events):
Event: 674.155 Thread 0x00000285fa397b50 Thread exited: 0x00000285fa397b50
Event: 676.909 Thread 0x00000285e78cade0 Thread added: 0x00000285fa397b50
Event: 677.022 Thread 0x00000285e78cb870 Thread added: 0x00000285fa395270
Event: 677.212 Thread 0x00000285fa395270 Thread exited: 0x00000285fa395270
Event: 677.242 Thread 0x00000285fa397b50 Thread exited: 0x00000285fa397b50
Event: 678.529 Thread 0x00000285eff06340 Thread exited: 0x00000285eff06340
Event: 679.864 Thread 0x00000285fa0c4ee0 Thread added: 0x00000285fa0c6fb0
Event: 681.944 Thread 0x00000285ef97d0f0 Thread added: 0x00000285fa0cb150
Event: 698.254 Thread 0x00000285fa0c4ee0 Thread added: 0x00000285fa0caac0
Event: 730.636 Thread 0x00000285ef97d0f0 Thread added: 0x00000285fa0c5570
Event: 737.081 Thread 0x00000285fa0c4850 Thread exited: 0x00000285fa0c4850
Event: 785.264 Thread 0x00000285e78cb870 Thread added: 0x00000285fa3988f0
Event: 785.585 Thread 0x00000285fa3988f0 Thread exited: 0x00000285fa3988f0
Event: 795.850 Thread 0x00000285eff05620 Thread exited: 0x00000285eff05620
Event: 795.866 Thread 0x00000285fa0c9710 Thread exited: 0x00000285fa0c9710
Event: 796.439 Thread 0x00000285ef981290 Thread exited: 0x00000285ef981290
Event: 854.587 Thread 0x00000285fa0c4ee0 Thread added: 0x00000285fa0c9710
Event: 859.192 Thread 0x00000285ef97d0f0 Thread added: 0x00000285fa0c4850
Event: 859.199 Thread 0x00000285e78cb870 Thread added: 0x00000285fa3988f0
Event: 859.662 Thread 0x00000285fa3988f0 Thread exited: 0x00000285fa3988f0


Dynamic libraries:
0x00007ff7a6100000 - 0x00007ff7a610e000 	c:\Users\PC3\.vscode\extensions\redhat.java-1.41.1-win32-x64\jre\21.0.6-win32-x86_64\bin\java.exe
0x00007ffcd0830000 - 0x00007ffcd0a28000 	C:\Windows\SYSTEM32\ntdll.dll
0x00007ffcd05c0000 - 0x00007ffcd0682000 	C:\Windows\System32\KERNEL32.DLL
0x00007ffcce2d0000 - 0x00007ffcce5c6000 	C:\Windows\System32\KERNELBASE.dll
0x00007ffcce700000 - 0x00007ffcce800000 	C:\Windows\System32\ucrtbase.dll
0x00007ffcbe610000 - 0x00007ffcbe628000 	c:\Users\PC3\.vscode\extensions\redhat.java-1.41.1-win32-x64\jre\21.0.6-win32-x86_64\bin\jli.dll
0x00007ffcbc950000 - 0x00007ffcbc96e000 	c:\Users\PC3\.vscode\extensions\redhat.java-1.41.1-win32-x64\jre\21.0.6-win32-x86_64\bin\VCRUNTIME140.dll
0x00007ffccfd30000 - 0x00007ffccfecd000 	C:\Windows\System32\USER32.dll
0x00007ffcce200000 - 0x00007ffcce222000 	C:\Windows\System32\win32u.dll
0x00007ffccf590000 - 0x00007ffccf5bb000 	C:\Windows\System32\GDI32.dll
0x00007ffcae540000 - 0x00007ffcae7da000 	C:\Windows\WinSxS\amd64_microsoft.windows.common-controls_6595b64144ccf1df_6.0.19041.4355_none_60b8b9eb71f62e16\COMCTL32.dll
0x00007ffcd0690000 - 0x00007ffcd072e000 	C:\Windows\System32\msvcrt.dll
0x00007ffccdec0000 - 0x00007ffccdfda000 	C:\Windows\System32\gdi32full.dll
0x00007ffcce230000 - 0x00007ffcce2cd000 	C:\Windows\System32\msvcp_win.dll
0x00007ffcd0730000 - 0x00007ffcd075f000 	C:\Windows\System32\IMM32.DLL
0x00007ffcc1ed0000 - 0x00007ffcc1edc000 	c:\Users\PC3\.vscode\extensions\redhat.java-1.41.1-win32-x64\jre\21.0.6-win32-x86_64\bin\vcruntime140_1.dll
0x00007ffc84e30000 - 0x00007ffc84ebd000 	c:\Users\PC3\.vscode\extensions\redhat.java-1.41.1-win32-x64\jre\21.0.6-win32-x86_64\bin\msvcp140.dll
0x00007ffc50f60000 - 0x00007ffc51cf0000 	c:\Users\PC3\.vscode\extensions\redhat.java-1.41.1-win32-x64\jre\21.0.6-win32-x86_64\bin\server\jvm.dll
0x00007ffcceae0000 - 0x00007ffcceb8f000 	C:\Windows\System32\ADVAPI32.dll
0x00007ffccf5c0000 - 0x00007ffccf65f000 	C:\Windows\System32\sechost.dll
0x00007ffccf660000 - 0x00007ffccf783000 	C:\Windows\System32\RPCRT4.dll
0x00007ffcce070000 - 0x00007ffcce097000 	C:\Windows\System32\bcrypt.dll
0x00007ffccf790000 - 0x00007ffccf7fb000 	C:\Windows\System32\WS2_32.dll
0x00007ffccdc00000 - 0x00007ffccdc4b000 	C:\Windows\SYSTEM32\POWRPROF.dll
0x00007ffcba130000 - 0x00007ffcba157000 	C:\Windows\SYSTEM32\WINMM.dll
0x00007ffcc7130000 - 0x00007ffcc713a000 	C:\Windows\SYSTEM32\VERSION.dll
0x00007ffccdbe0000 - 0x00007ffccdbf2000 	C:\Windows\SYSTEM32\UMPDC.dll
0x00007ffccbc80000 - 0x00007ffccbc92000 	C:\Windows\SYSTEM32\kernel.appcore.dll
0x00007ffcbf160000 - 0x00007ffcbf16a000 	c:\Users\PC3\.vscode\extensions\redhat.java-1.41.1-win32-x64\jre\21.0.6-win32-x86_64\bin\jimage.dll
0x00007ffcc6ce0000 - 0x00007ffcc6ec4000 	C:\Windows\SYSTEM32\DBGHELP.DLL
0x00007ffcc6c80000 - 0x00007ffcc6cb4000 	C:\Windows\SYSTEM32\dbgcore.DLL
0x00007ffccdfe0000 - 0x00007ffcce062000 	C:\Windows\System32\bcryptPrimitives.dll
0x00007ffcbe470000 - 0x00007ffcbe47f000 	c:\Users\PC3\.vscode\extensions\redhat.java-1.41.1-win32-x64\jre\21.0.6-win32-x86_64\bin\instrument.dll
0x00007ffcb2f40000 - 0x00007ffcb2f5f000 	c:\Users\PC3\.vscode\extensions\redhat.java-1.41.1-win32-x64\jre\21.0.6-win32-x86_64\bin\java.dll
0x00007ffccebb0000 - 0x00007ffccf31f000 	C:\Windows\System32\SHELL32.dll
0x00007ffccbf60000 - 0x00007ffccc703000 	C:\Windows\SYSTEM32\windows.storage.dll
0x00007ffccfed0000 - 0x00007ffcd0225000 	C:\Windows\System32\combase.dll
0x00007ffccd820000 - 0x00007ffccd84b000 	C:\Windows\SYSTEM32\Wldp.dll
0x00007ffccf4c0000 - 0x00007ffccf58d000 	C:\Windows\System32\OLEAUT32.dll
0x00007ffcd0510000 - 0x00007ffcd05bd000 	C:\Windows\System32\SHCORE.dll
0x00007ffccf320000 - 0x00007ffccf375000 	C:\Windows\System32\shlwapi.dll
0x00007ffccddf0000 - 0x00007ffccde15000 	C:\Windows\SYSTEM32\profapi.dll
0x00007ffcb7800000 - 0x00007ffcb7818000 	c:\Users\PC3\.vscode\extensions\redhat.java-1.41.1-win32-x64\jre\21.0.6-win32-x86_64\bin\zip.dll
0x00007ffcbe170000 - 0x00007ffcbe180000 	C:\Users\PC3\.vscode\extensions\redhat.java-1.41.1-win32-x64\jre\21.0.6-win32-x86_64\bin\net.dll
0x00007ffcc8760000 - 0x00007ffcc886a000 	C:\Windows\SYSTEM32\WINHTTP.dll
0x00007ffccd580000 - 0x00007ffccd5ec000 	C:\Windows\system32\mswsock.dll
0x00007ffcb1f70000 - 0x00007ffcb1f86000 	C:\Users\PC3\.vscode\extensions\redhat.java-1.41.1-win32-x64\jre\21.0.6-win32-x86_64\bin\nio.dll
0x00007ffcbe030000 - 0x00007ffcbe040000 	c:\Users\PC3\.vscode\extensions\redhat.java-1.41.1-win32-x64\jre\21.0.6-win32-x86_64\bin\verify.dll
0x00007ffc93e20000 - 0x00007ffc93e65000 	C:\Users\PC3\AppData\Roaming\Code\User\globalStorage\redhat.java\1.41.1\config_win\org.eclipse.equinox.launcher\org.eclipse.equinox.launcher.win32.win32.x86_64_1.2.1300.v20250331-1702\eclipse_11911.dll
0x00007ffcd02f0000 - 0x00007ffcd041b000 	C:\Windows\System32\ole32.dll
0x00007ffccd780000 - 0x00007ffccd798000 	C:\Windows\SYSTEM32\CRYPTSP.dll
0x00007ffcccea0000 - 0x00007ffccced8000 	C:\Windows\system32\rsaenh.dll
0x00007ffccddb0000 - 0x00007ffccddde000 	C:\Windows\SYSTEM32\USERENV.dll
0x00007ffccd770000 - 0x00007ffccd77c000 	C:\Windows\SYSTEM32\CRYPTBASE.dll
0x00007ffccd260000 - 0x00007ffccd29b000 	C:\Windows\SYSTEM32\IPHLPAPI.DLL
0x00007ffccf390000 - 0x00007ffccf398000 	C:\Windows\System32\NSI.dll
0x00007ffc861e0000 - 0x00007ffc86229000 	C:\Users\PC3\AppData\Local\Temp\jna-79008\jna13681892811802193121.dll
0x00007ffcd0420000 - 0x00007ffcd0428000 	C:\Windows\System32\PSAPI.DLL
0x00007ffcc92d0000 - 0x00007ffcc92e7000 	C:\Windows\SYSTEM32\dhcpcsvc6.DLL
0x00007ffcc9270000 - 0x00007ffcc928d000 	C:\Windows\SYSTEM32\dhcpcsvc.DLL
0x00007ffcbd9f0000 - 0x00007ffcbd9fe000 	C:\Users\PC3\.vscode\extensions\redhat.java-1.41.1-win32-x64\jre\21.0.6-win32-x86_64\bin\sunmscapi.dll
0x00007ffcce0a0000 - 0x00007ffcce1fd000 	C:\Windows\System32\CRYPT32.dll
0x00007ffccd890000 - 0x00007ffccd8b7000 	C:\Windows\SYSTEM32\ncrypt.dll
0x00007ffccd850000 - 0x00007ffccd88b000 	C:\Windows\SYSTEM32\NTASN1.dll
0x00007ffccd2a0000 - 0x00007ffccd36a000 	C:\Windows\SYSTEM32\DNSAPI.dll
0x00007ffcc7ca0000 - 0x00007ffcc7caa000 	C:\Windows\System32\rasadhlp.dll
0x00007ffcc75e0000 - 0x00007ffcc7660000 	C:\Windows\System32\fwpuclnt.dll
0x00007ffcbd030000 - 0x00007ffcbd039000 	C:\Users\PC3\.vscode\extensions\redhat.java-1.41.1-win32-x64\jre\21.0.6-win32-x86_64\bin\extnet.dll
0x00007ffccd0f0000 - 0x00007ffccd123000 	C:\Windows\SYSTEM32\ntmarta.dll

dbghelp: loaded successfully - version: 4.0.5 - missing functions: none
symbol engine: initialized successfully - sym options: 0x614 - pdb path: .;c:\Users\PC3\.vscode\extensions\redhat.java-1.41.1-win32-x64\jre\21.0.6-win32-x86_64\bin;C:\Windows\SYSTEM32;C:\Windows\WinSxS\amd64_microsoft.windows.common-controls_6595b64144ccf1df_6.0.19041.4355_none_60b8b9eb71f62e16;c:\Users\PC3\.vscode\extensions\redhat.java-1.41.1-win32-x64\jre\21.0.6-win32-x86_64\bin\server;C:\Users\PC3\AppData\Roaming\Code\User\globalStorage\redhat.java\1.41.1\config_win\org.eclipse.equinox.launcher\org.eclipse.equinox.launcher.win32.win32.x86_64_1.2.1300.v20250331-1702;C:\Users\PC3\AppData\Local\Temp\jna-79008

VM Arguments:
jvm_args: --add-modules=ALL-SYSTEM --add-opens=java.base/java.util=ALL-UNNAMED --add-opens=java.base/java.lang=ALL-UNNAMED --add-opens=java.base/sun.nio.fs=ALL-UNNAMED -Declipse.application=org.eclipse.jdt.ls.core.id1 -Dosgi.bundles.defaultStartLevel=4 -Declipse.product=org.eclipse.jdt.ls.core.product -Djava.import.generatesMetadataFilesAtProjectRoot=false -DDetectVMInstallationsJob.disabled=true -Dfile.encoding=utf8 -XX:+UseParallelGC -XX:GCTimeRatio=4 -XX:AdaptiveSizePolicyWeight=90 -Dsun.zip.disableMemoryMapping=true -Xmx1G -Xms100m -Xlog:disable -javaagent:c:\Users\PC3\.vscode\extensions\redhat.java-1.41.1-win32-x64\lombok\lombok-1.18.36.jar -XX:+HeapDumpOnOutOfMemoryError -XX:HeapDumpPath=c:\Users\PC3\AppData\Roaming\Code\User\workspaceStorage\60345ec605178fa4a676e00d04cdeefa\redhat.java -Daether.dependencyCollector.impl=bf 
java_command: c:\Users\PC3\.vscode\extensions\redhat.java-1.41.1-win32-x64\server\plugins\org.eclipse.equinox.launcher_1.7.0.v20250331-1702.jar -configuration c:\Users\PC3\AppData\Roaming\Code\User\globalStorage\redhat.java\1.41.1\config_win -data c:\Users\PC3\AppData\Roaming\Code\User\workspaceStorage\60345ec605178fa4a676e00d04cdeefa\redhat.java\jdt_ws --pipe=\\.\pipe\lsp-e7efdefb764a781d60233b0fbd8bd75b-sock
java_class_path (initial): c:\Users\PC3\.vscode\extensions\redhat.java-1.41.1-win32-x64\server\plugins\org.eclipse.equinox.launcher_1.7.0.v20250331-1702.jar
Launcher Type: SUN_STANDARD

[Global flags]
    uintx AdaptiveSizePolicyWeight                 = 90                                        {product} {command line}
     intx CICompilerCount                          = 4                                         {product} {ergonomic}
    uintx GCTimeRatio                              = 4                                         {product} {command line}
     bool HeapDumpOnOutOfMemoryError               = true                                   {manageable} {command line}
    ccstr HeapDumpPath                             = c:\Users\PC3\AppData\Roaming\Code\User\workspaceStorage\60345ec605178fa4a676e00d04cdeefa\redhat.java         {manageable} {command line}
   size_t InitialHeapSize                          = 104857600                                 {product} {command line}
   size_t MaxHeapSize                              = 1073741824                                {product} {command line}
   size_t MaxNewSize                               = 357564416                                 {product} {ergonomic}
   size_t MinHeapDeltaBytes                        = 524288                                    {product} {ergonomic}
   size_t MinHeapSize                              = 104857600                                 {product} {command line}
   size_t NewSize                                  = 34603008                                  {product} {ergonomic}
    uintx NonNMethodCodeHeapSize                   = 5839372                                {pd product} {ergonomic}
    uintx NonProfiledCodeHeapSize                  = 122909434                              {pd product} {ergonomic}
   size_t OldSize                                  = 70254592                                  {product} {ergonomic}
    uintx ProfiledCodeHeapSize                     = 122909434                              {pd product} {ergonomic}
    uintx ReservedCodeCacheSize                    = 251658240                              {pd product} {ergonomic}
     bool SegmentedCodeCache                       = true                                      {product} {ergonomic}
   size_t SoftMaxHeapSize                          = 1073741824                             {manageable} {ergonomic}
     bool UseCompressedOops                        = true                           {product lp64_product} {ergonomic}
     bool UseLargePagesIndividualAllocation        = false                                  {pd product} {ergonomic}
     bool UseParallelGC                            = true                                      {product} {command line}

Logging:
Log output configuration:
 #0: stdout all=off uptime,level,tags foldmultilines=false
 #1: stderr all=off uptime,level,tags foldmultilines=false

Environment Variables:
PATH=C:\Program Files\Common Files\Oracle\Java\javapath;C:\Windows\system32;C:\Windows;C:\Windows\System32\Wbem;C:\Windows\System32\WindowsPowerShell\v1.0\;C:\Windows\System32\OpenSSH\;C:\Program Files\nodejs\;C:\Program Files\Git\cmd;C:\Users\PC3\AppData\Local\Programs\Python\Python313\Scripts\;C:\Users\PC3\AppData\Local\Programs\Python\Python313\;C:\Users\PC3\AppData\Local\Programs\Python\Launcher\;C:\Users\PC3\AppData\Local\Microsoft\WindowsApps;C:\Users\PC3\AppData\Local\Programs\Microsoft VS Code\bin;C:\Users\PC3\AppData\Local\Programs\Git\cmd
USERNAME=PC3
OS=Windows_NT
PROCESSOR_IDENTIFIER=Intel64 Family 6 Model 165 Stepping 5, GenuineIntel
TMP=C:\Users\PC3\AppData\Local\Temp
TEMP=C:\Users\PC3\AppData\Local\Temp




Periodic native trim disabled

---------------  S Y S T E M  ---------------

OS:
 Windows 10 , 64 bit Build 19041 (10.0.19041.5678)
OS uptime: 0 days 3:14 hours

CPU: total 12 (initial active 12) (6 cores per cpu, 2 threads per core) family 6 model 165 stepping 5 microcode 0xec, cx8, cmov, fxsr, ht, mmx, 3dnowpref, sse, sse2, sse3, ssse3, sse4.1, sse4.2, popcnt, lzcnt, tsc, tscinvbit, avx, avx2, aes, erms, clmul, bmi1, bmi2, adx, fma, vzeroupper, clflush, clflushopt, rdtscp, f16c, pku
Processor Information for the first 12 processors :
  Max Mhz: 2904, Current Mhz: 2904, Mhz Limit: 2904

Memory: 4k page, system-wide physical 16233M (6989M free)
TotalPageFile size 19177M (AvailPageFile size 5866M)
current process WorkingSet (physical memory assigned to process): 667M, peak: 1163M
current process commit charge ("private bytes"): 554M, peak: 1085M

vm_info: OpenJDK 64-Bit Server VM (21.0.6+7-LTS) for windows-amd64 JRE (21.0.6+7-LTS), built on 2025-01-21T00:00:00Z by "admin" with MS VC++ 17.7 (VS2022)

END.
